Microchip MPLAB XC8 Compiler V2.35

Linker command line:

-W-3 --edf=C:\Program Files\Microchip\xc8\v2.35\pic\dat\en_msgs.txt -cn \
  -h+dist/default/production\LAB03_MASTER.X.production.sym \
  --cmf=dist/default/production\LAB03_MASTER.X.production.cmf -z -Q16F887 \
  -oC:\Users\USUARIO\AppData\Local\Temp\xcAsgr4.5 --defsym=__MPLAB_BUILD=1 \
  -Mdist/default/production/LAB03_MASTER.X.production.map \
  --md=C:\Users\USUARIO\AppData\Local\Temp\xcBsgr4.dat -E1 \
  -ver=XC8 Compiler --acfsm=1493 -ACODE=00h-07FFhx4 -ASTRCODE=00h-01FFFh \
  -ASTRING=00h-0FFhx32 -ACONST=00h-0FFhx32 -AENTRY=00h-0FFhx32 \
  -ACOMMON=070h-07Fh -ABANK0=020h-06Fh -ABANK1=0A0h-0EFh \
  -ABANK2=0110h-016Fh -ABANK3=0190h-01EFh \
  -ARAM=020h-06Fh,0A0h-0EFh,0110h-016Fh,0190h-01EFh \
  -AABS1=020h-07Fh,0A0h-0EFh,0110h-016Fh,0190h-01EFh -ASFR0=00h-01Fh \
  -ASFR1=080h-09Fh -ASFR2=0100h-010Fh -ASFR3=0180h-018Fh \
  -ACONFIG=02007h-02008h -DCONFIG=2 -AIDLOC=02000h-02003h -DIDLOC=2 \
  -AEEDATA=00h-0FFh/02100h -peeprom_data=EEDATA -DEEDATA=2 -DCODE=2 \
  -DSTRCODE=2 -DSTRING=2 -DCONST=2 -DENTRY=2 \
  -preset_vec=00h,intentry=04h,init,end_init -ppowerup=CODE -pcinit=CODE \
  -pfunctab=ENTRY -k C:\Users\USUARIO\AppData\Local\Temp\xcAsgr4.o \
  dist/default/production\LAB03_MASTER.X.production.o 

Object code version is 3.11

Machine type is 16F887



                Name                               Link     Load   Length Selector   Space Scale
C:\Users\USUARIO\AppData\Local\Temp\xcAsgr4.o
                end_init                              C        C        3        8       0
                reset_vec                             0        0        3        0       0
                config                             2007     2007        2        0       4
                idloc                              2000     2000        4        0       5
dist/default/production\LAB03_MASTER.X.production.o
                cinit                                 F        F        8        8       0
                intentry                              4        4        8        8       0
                config                             2007     2007        2        0       4
                idloc                              2000     2000        4        0       5
                text10                              184      184        6        8       0
                text9                               12F      12F       23        8       0
                text8                               17E      17E        6        8       0
                text7                                17       17       56        8       0
                text6                                BF       BF       3D        8       0
                text5                               152      152       16        8       0
                text4                                FC       FC       33        8       0
                text3                               171      171        7        8       0
                text2                               168      168        9        8       0
                text1                               178      178        6        8       0
                maintext                             6D       6D       52        8       0
                cstackBANK0                          20       20        2       20       1
                cstackCOMMON                         70       70        7       70       1
                bssCOMMON                            77       77        4       70       1

TOTAL           Name                               Link     Load   Length     Space
        CLASS   CODE           
                end_init                              C        C        3         0
                cinit                                 F        F        8         0
                intentry                              4        4        8         0
                reset_vec                             0        0        3         0
                text10                              184      184        6         0
                text9                               12F      12F       23         0
                text8                               17E      17E        6         0
                text7                                17       17       56         0
                text6                                BF       BF       3D         0
                text5                               152      152       16         0
                text4                                FC       FC       33         0
                text3                               171      171        7         0
                text2                               168      168        9         0
                text1                               178      178        6         0
                maintext                             6D       6D       52         0

        CLASS   STRCODE        

        CLASS   STRING         

        CLASS   CONST          

        CLASS   ENTRY          

        CLASS   COMMON         
                cstackCOMMON                         70       70        7         1
                bssCOMMON                            77       77        4         1

        CLASS   BANK0          
                cstackBANK0                          20       20        2         1

        CLASS   BANK1          

        CLASS   BANK2          

        CLASS   BANK3          

        CLASS   RAM            

        CLASS   ABS1           
                abs_s1                               7E       7E        2         1

        CLASS   SFR0           

        CLASS   SFR1           

        CLASS   SFR2           

        CLASS   SFR3           

        CLASS   CONFIG         
                config                             2007     2007        2         4

        CLASS   IDLOC          
                idloc                              2000     2000        4         5

        CLASS   EEDATA         

        CLASS   STACK          



SEGMENTS        Name                           Load    Length   Top    Selector   Space  Class     Delta

                reset_vec                      000000  000003  000003         0       0  CODE        2
                intentry                       000004  000186  00018A         8       0  CODE        2
                cstackBANK0                    000020  000002  000022        20       1  BANK0       1
                cstackCOMMON                   000070  00000B  00007B        70       1  COMMON      1


UNUSED ADDRESS RANGES

        Name                Unused          Largest block    Delta
        BANK0            0022-006F             4E           1
        BANK1            00A0-00EF             50           1
        BANK2            0110-016F             60           1
        BANK3            0190-01EF             60           1
        CODE             0003-0003              1           2
                         018A-1FFF            800
        COMMON           007B-007D              3           1
        CONST            0003-0003              1           2
                         018A-1FFF            100
        EEDATA           2100-21FF            100           2
        ENTRY            0003-0003              1           2
                         018A-1FFF            100
        RAM              0022-006F             4E           1
                         00A0-00EF             50
                         0110-016F             60
                         0190-01EF             60
        SFR0             0000-001F             20           1
        SFR1             0080-009F             20           1
        SFR2             0100-010F             10           1
        SFR3             0180-018F             10           1
        STRCODE          0003-0003              1           2
                         018A-1FFF           1E76
        STRING           0003-0003              1           2
                         018A-1FFF            100

                                  Symbol Table

TMR0_init@prescaler_VALUE cstackCOMMON 0075
_ADCON0bits               (abs)        001F
_ADCON1bits               (abs)        009F
_ANSEL                    (abs)        0188
_ANSELH                   (abs)        0189
_INTCONbits               (abs)        000B
_OPTION_REGbits           (abs)        0081
_OSCCONbits               (abs)        008F
_PIE1bits                 (abs)        008C
_PIR1bits                 (abs)        000C
_PORTB                    (abs)        0006
_PORTBbits                (abs)        0006
_PORTCbits                (abs)        0007
_PORTD                    (abs)        0008
_SPI_master               text9        012F
_SSPBUF                   (abs)        0013
_SSPCON                   (abs)        0014
_SSPSTAT                  (abs)        0094
_SSPSTATbits              (abs)        0094
_TMR0                     (abs)        0001
_TMR0_CARGA               text8        017E
_TMR0_init                text7        0017
_TRISB                    (abs)        0086
_TRISC3                   (abs)        043B
_TRISC5                   (abs)        043D
_TRISCbits                (abs)        0087
_TRISD                    (abs)        0088
__Habs1                   abs1         0000
__Hbank0                  bank0        0000
__Hbank1                  bank1        0000
__Hbank2                  bank2        0000
__Hbank3                  bank3        0000
__HbssCOMMON              bssCOMMON    0000
__Hcinit                  cinit        0017
__Hclrtext                clrtext      0000
__Hcode                   code         0000
__Hcommon                 common       0000
__Hconfig                 config       2009
__HcstackBANK0            cstackBANK0  0000
__HcstackCOMMON           cstackCOMMON 0000
__Heeprom_data            eeprom_data  0000
__Hend_init               end_init     000F
__Hfunctab                functab      0000
__Hidloc                  idloc        2004
__Hinit                   init         000C
__Hintentry               intentry     000C
__Hmaintext               maintext     0000
__Hpowerup                powerup      0000
__Hram                    ram          0000
__Hreset_vec              reset_vec    0003
__Hsfr0                   sfr0         0000
__Hsfr1                   sfr1         0000
__Hsfr2                   sfr2         0000
__Hsfr3                   sfr3         0000
__Hspace_0                (abs)        018A
__Hspace_1                (abs)        007B
__Hspace_2                (abs)        0000
__Hspace_3                (abs)        0000
__Hspace_4                (abs)        4010
__Hstack                  stack        0000
__Hstrings                strings      0000
__Htext                   text         0000
__Labs1                   abs1         0000
__Lbank0                  bank0        0000
__Lbank1                  bank1        0000
__Lbank2                  bank2        0000
__Lbank3                  bank3        0000
__LbssCOMMON              bssCOMMON    0000
__Lcinit                  cinit        000F
__Lclrtext                clrtext      0000
__Lcode                   code         0000
__Lcommon                 common       0000
__Lconfig                 config       0000
__LcstackBANK0            cstackBANK0  0000
__LcstackCOMMON           cstackCOMMON 0000
__Leeprom_data            eeprom_data  0000
__Lend_init               end_init     000C
__Lfunctab                functab      0000
__Lidloc                  idloc        0000
__Linit                   init         000C
__Lintentry               intentry     0004
__Lmaintext               maintext     0000
__Lpowerup                powerup      0000
__Lram                    ram          0000
__Lreset_vec              reset_vec    0000
__Lsfr0                   sfr0         0000
__Lsfr1                   sfr1         0000
__Lsfr2                   sfr2         0000
__Lsfr3                   sfr3         0000
__Lspace_0                (abs)        0000
__Lspace_1                (abs)        0000
__Lspace_2                (abs)        0000
__Lspace_3                (abs)        0000
__Lspace_4                (abs)        0000
__Lstack                  stack        0000
__Lstrings                strings      0000
__Ltext                   text         0000
__S0                      (abs)        018A
__S1                      (abs)        007B
__S3                      (abs)        0000
___int_sp                 stack        0000
___latbits                (abs)        0002
___sp                     stack        0000
___stackhi                (abs)        0000
___stacklo                (abs)        0000
__end_of_SPI_master       text9        0152
__end_of_TMR0_CARGA       text8        0184
__end_of_TMR0_init        text7        006D
__end_of__initialization  cinit        0013
__end_of_initOsc          text6        00FC
__end_of_main             maintext     00BF
__end_of_setup            text4        012F
__end_of_spiInit          text5        0168
__end_of_spiRead          text2        0171
__end_of_spiReceiveWait   text3        0178
__end_of_spiWrite         text1        017E
__end_ofi1_TMR0_CARGA     text10       018A
__initialization          cinit        000F
__pbssCOMMON              bssCOMMON    0077
__pcstackBANK0            cstackBANK0  0020
__pcstackCOMMON           cstackCOMMON 0070
__pintentry               intentry     0004
__pmaintext               maintext     006D
__ptext1                  text1        0178
__ptext10                 text10       0184
__ptext2                  text2        0168
__ptext3                  text3        0171
__ptext4                  text4        00FC
__ptext5                  text5        0152
__ptext6                  text6        00BF
__ptext7                  text7        0017
__ptext8                  text8        017E
__ptext9                  text9        012F
_counter_02               bssCOMMON    0077
_counter_TMR0             bssCOMMON    007A
_devolver                 bssCOMMON    0078
_initOsc                  text6        00BF
_main                     maintext     006D
_send                     bssCOMMON    0079
_setup                    text4        00FC
_spiInit                  text5        0152
_spiRead                  text2        0168
_spiReceiveWait           text3        0171
_spiWrite                 text1        0178
btemp                     (abs)        007E
end_of_initialization     cinit        0013
i1_TMR0_CARGA             text10       0184
initOsc@freq              cstackCOMMON 0075
interrupt_function        intentry     0004
intlevel0                 functab      0000
intlevel1                 functab      0000
intlevel2                 functab      0000
intlevel3                 functab      0000
intlevel4                 functab      0000
intlevel5                 functab      0000
reset_vec                 reset_vec    0000
saved_w                   (abs)        007E
spiInit@sClockIdle        cstackCOMMON 0074
spiInit@sDataSample       cstackCOMMON 0073
spiInit@sTransmitEdge     cstackCOMMON 0075
spiInit@sType             cstackCOMMON 0076
spiWrite@dat              cstackCOMMON 0073
start                     init         000C
start_initialization      cinit        000F
wtemp0                    (abs)        007E


MODULE INFORMATION

Module		Function		Class		Link	Load	Size
oscilador.c
		_initOsc       		CODE           	00BF	0000	61

oscilador.c estimated size: 61

TMR0.c
		_TMR0_CARGA    		CODE           	017E	0000	6
		_TMR0_init     		CODE           	0017	0000	86

TMR0.c estimated size: 92

shared
		__initialization		CODE           	000F	0000	4
		i1_TMR0_CARGA  		CODE           	0184	0000	6

shared estimated size: 10

SPI.c
		_spiWrite      		CODE           	0178	0000	6
		_spiInit       		CODE           	0152	0000	22
		_spiReceiveWait		CODE           	0171	0000	7
		_spiRead       		CODE           	0168	0000	9

SPI.c estimated size: 44

MAIN_MASTER.c
		_SPI_master    		CODE           	012F	0000	35
		_main          		CODE           	006D	0000	82
		_setup         		CODE           	00FC	0000	51

MAIN_MASTER.c estimated size: 168

